// Jest Snapshot v1, https://goo.gl/fbAQLP

exports[`CommunicationPresenter sendEvents should send the events 1`] = `
[MockFunction] {
  "calls": Array [
    Array [
      "someChat",
      "Events: [
  {
    \\"start\\": \\"2020-05-01T10:00:00.000Z\\",
    \\"end\\": \\"2020-05-01T10:00:00.000Z\\",
    \\"title\\": \\"Event\\"
  }
]",
    ],
  ],
  "results": Array [
    Object {
      "type": "return",
      "value": undefined,
    },
  ],
}
`;
